
Memory Configuration

Name             Origin             Length             Attributes
flash            0x08000000         0x00020000         xr
sram             0x20000000         0x00005000         xrw
*default*        0x00000000         0xffffffff

Linker script and memory map


.text           0x08000000       0xd7
 *(.vectors*)
 .vectors       0x08000000       0x50 build/objs/startup/startup.o
 *(.text*)
 .text          0x08000050        0xa build/objs/startup/startup.o
 *fill*         0x0800005a        0x2 
 .text          0x0800005c       0x78 build/objs/src/App.o
                0x0800005c                main
 *(.rodata*)
 .rodata        0x080000d4        0x3 build/objs/src/App.o
                0x080000d4                g_const_vars

.glue_7         0x080000d8        0x0
 .glue_7        0x080000d8        0x0 linker stubs

.glue_7t        0x080000d8        0x0
 .glue_7t       0x080000d8        0x0 linker stubs

.vfp11_veneer   0x080000d8        0x0
 .vfp11_veneer  0x080000d8        0x0 linker stubs

.v4_bx          0x080000d8        0x0
 .v4_bx         0x080000d8        0x0 linker stubs

.iplt           0x080000d8        0x0
 .iplt          0x080000d8        0x0 build/objs/startup/startup.o

.rel.dyn        0x080000d8        0x0
 .rel.iplt      0x080000d8        0x0 build/objs/startup/startup.o

.data           0x080000d8        0x3
 *(.data*)
 .data          0x080000d8        0x0 build/objs/startup/startup.o
 .data          0x080000d8        0x3 build/objs/src/App.o
                0x080000d8                g_vars

.igot.plt       0x080000dc        0x0
 .igot.plt      0x080000dc        0x0 build/objs/startup/startup.o

.bss            0x20000000        0x0
 *(.bss*)
 .bss           0x20000000        0x0 build/objs/startup/startup.o
 .bss           0x20000000        0x0 build/objs/src/App.o
LOAD build/objs/startup/startup.o
LOAD build/objs/src/App.o
OUTPUT(build/output.elf elf32-littlearm)
LOAD linker stubs

.ARM.attributes
                0x00000000       0x2f
 .ARM.attributes
                0x00000000       0x21 build/objs/startup/startup.o
 .ARM.attributes
                0x00000021       0x2d build/objs/src/App.o

.comment        0x00000000       0x55
 .comment       0x00000000       0x55 build/objs/src/App.o
                                 0x56 (size before relaxing)

.debug_line     0x00000000      0x170
 .debug_line    0x00000000       0x43 build/objs/startup/startup.o
 .debug_line    0x00000043      0x12d build/objs/src/App.o

.debug_info     0x00000000      0x200
 .debug_info    0x00000000       0x26 build/objs/startup/startup.o
 .debug_info    0x00000026      0x1da build/objs/src/App.o

.debug_abbrev   0x00000000      0x12b
 .debug_abbrev  0x00000000       0x14 build/objs/startup/startup.o
 .debug_abbrev  0x00000014      0x117 build/objs/src/App.o

.debug_aranges  0x00000000       0x40
 .debug_aranges
                0x00000000       0x20 build/objs/startup/startup.o
 .debug_aranges
                0x00000020       0x20 build/objs/src/App.o

.debug_str      0x00000000      0x1ad
 .debug_str     0x00000000       0x7f build/objs/startup/startup.o
 .debug_str     0x0000007f      0x12e build/objs/src/App.o
                                0x1e0 (size before relaxing)

.debug_frame    0x00000000       0x2c
 .debug_frame   0x00000000       0x2c build/objs/src/App.o
